[
  "0 4 W LOST",
  "4 0 S LOST",
  "2 0 S LOST",
  "4 2 E LOST"
]